// Jest Snapshot v1, https://goo.gl/fbAQLP

exports[`Home Page should render correctly 1`] = `
<DocumentFragment>
  <div
    class="flex items-center justify-between p-3 h-[10%] w-full MuiBox-root css-0"
  >
    <div
      class="flex items-center w-14 ml-14 cursor-pointer"
    >
      <img
        src="crafter-logo-dark.svg"
      />
    </div>
    <div
      class="user"
    >
      <div
        class="MuiBox-root css-j0tqbx"
      >
        <button
          class="MuiButtonBase-root MuiIconButton-root MuiIconButton-colorInherit MuiIconButton-sizeMedium css-whjmaz-MuiButtonBase-root-MuiIconButton-root"
          tabindex="0"
          type="button"
        >
          <svg
            aria-hidden="true"
            class="MuiSvgIcon-root MuiSvgIcon-fontSizeMedium css-i4bv87-MuiSvgIcon-root"
            data-testid="Brightness4Icon"
            focusable="false"
            viewBox="0 0 24 24"
          >
            <path
              d="M20 8.69V4h-4.69L12 .69 8.69 4H4v4.69L.69 12 4 15.31V20h4.69L12 23.31 15.31 20H20v-4.69L23.31 12 20 8.69zM12 18c-.89 0-1.74-.2-2.5-.55C11.56 16.5 13 14.42 13 12s-1.44-4.5-3.5-5.45C10.26 6.2 11.11 6 12 6c3.31 0 6 2.69 6 6s-2.69 6-6 6z"
            />
          </svg>
          <span
            class="MuiTouchRipple-root css-8je8zh-MuiTouchRipple-root"
          />
        </button>
      </div>
      <button
        aria-haspopup="true"
        class="MuiButtonBase-root MuiIconButton-root MuiIconButton-sizeSmall css-137ul40-MuiButtonBase-root-MuiIconButton-root"
        tabindex="0"
        type="button"
      >
        <div
          class="MuiAvatar-root MuiAvatar-circular MuiAvatar-colorDefault avatar css-1d090hw-MuiAvatar-root"
        >
          n
        </div>
        <span
          class="MuiTouchRipple-root css-8je8zh-MuiTouchRipple-root"
        />
      </button>
    </div>
  </div>
</DocumentFragment>
`;
