// Jest Snapshot v1, https://goo.gl/fbAQLP

exports[`DeployModal component should render correctly the first window 1`] = `<DocumentFragment />`;
