// Jest Snapshot v1, https://goo.gl/fbAQLP

exports[`Sign up should render correctly 1`] = `
<DocumentFragment>
  <div
    class="sign-up"
  >
    <div
      class="sign-up-form"
    >
      <div
        class="signup-wrapper1"
      >
        <img
          alt="icon"
          src="crafter-logo-dark.svg"
        />
        <h1>
          SIGN UP
        </h1>
        <div
          class="sign-up-form-container"
        >
          <div
            class="otp-form"
          >
            <form
              autocomplete="off"
              class="MuiBox-root css-1y8dnis"
              novalidate=""
            >
              <div>
                <div
                  class="MuiFormControl-root MuiTextField-root sign-up-form-field css-ad4n91-MuiFormControl-root-MuiTextField-root"
                >
                  <label
                    class="MuiFormLabel-root MuiInputLabel-root MuiInputLabel-formControl MuiInputLabel-animated MuiInputLabel-outlined MuiFormLabel-colorPrimary MuiInputLabel-root MuiInputLabel-formControl MuiInputLabel-animated MuiInputLabel-outlined css-14s5rfu-MuiFormLabel-root-MuiInputLabel-root"
                    data-shrink="false"
                    for="outlined-error"
                    id="outlined-error-label"
                  >
                    Email
                  </label>
                  <div
                    class="MuiInputBase-root MuiOutlinedInput-root MuiInputBase-colorPrimary MuiInputBase-formControl css-9ddj71-MuiInputBase-root-MuiOutlinedInput-root"
                  >
                    <input
                      aria-invalid="false"
                      class="MuiInputBase-input MuiOutlinedInput-input css-1t8l2tu-MuiInputBase-input-MuiOutlinedInput-input"
                      id="outlined-error"
                      type="text"
                      value=""
                    />
                    <fieldset
                      aria-hidden="true"
                      class="MuiOutlinedInput-notchedOutline css-1d3z3hw-MuiOutlinedInput-notchedOutline"
                    >
                      <legend
                        class="css-yjsfm1"
                      >
                        <span>
                          Email
                        </span>
                      </legend>
                    </fieldset>
                  </div>
                </div>
              </div>
            </form>
            <div
              class="button-wrapper"
            >
              <button
                class="MuiButtonBase-root MuiButton-root MuiButton-contained MuiButton-containedPrimary MuiButton-sizeMedium MuiButton-containedSizeMedium MuiButton-root MuiButton-contained MuiButton-containedPrimary MuiButton-sizeMedium MuiButton-containedSizeMedium get-otp-button css-sghohy-MuiButtonBase-root-MuiButton-root"
                data-testid="get-otp-button"
                tabindex="0"
                type="button"
              >
                GET OTP
                <span
                  class="MuiTouchRipple-root css-8je8zh-MuiTouchRipple-root"
                />
              </button>
              <h4>
                Already have an account? 
                <a
                  href="/login"
                  style="color: rgb(24, 204, 204);"
                >
                   Log in
                </a>
              </h4>
            </div>
          </div>
        </div>
      </div>
    </div>
  </div>
</DocumentFragment>
`;
