// Jest Snapshot v1, https://goo.gl/fbAQLP

exports[`DeploymentStackModal component should render correctly 1`] = `<DocumentFragment />`;
